../Core/Inc/kalman2d.h:32:21:Kalman2D_GetWindMPS	16	static
../Core/Inc/kalman2d.h:37:21:Kalman2D_GetWindAccel	16	static
../Core/Src/main.c:117:24:millis	8	static
../Core/Src/main.c:119:23:median3	40	static
../Core/Src/main.c:127:13:perform_zero_reset	40	static
../Core/Src/main.c:159:13:poll_uart_commands	24	static
../Core/Src/main.c:169:13:WindFusion_Reset	16	static
../Core/Src/main.c:193:13:WindFusion_Init	8	static
../Core/Src/main.c:198:13:WindFusion_Step	24	static
../Core/Src/main.c:224:5:main	232	static
../Core/Src/main.c:425:6:SystemClock_Config	88	static
../Core/Src/main.c:458:13:MX_I2C1_Init	8	static
../Core/Src/main.c:474:13:MX_TIM3_Init	56	static
../Core/Src/main.c:504:13:MX_USART2_UART_Init	8	static
../Core/Src/main.c:519:13:MX_GPIO_Init	48	static
../Core/Src/main.c:548:6:Error_Handler	4	static,ignoring_inline_asm
