../Core/Src/main.c:77:24:millis	8	static
../Core/Src/main.c:79:23:median3	40	static
../Core/Src/main.c:87:13:perform_zero_reset	40	static
../Core/Src/main.c:117:13:poll_uart_commands	24	static
../Core/Src/main.c:133:5:main	208	static
../Core/Src/main.c:308:6:SystemClock_Config	88	static
../Core/Src/main.c:341:13:MX_I2C1_Init	8	static
../Core/Src/main.c:357:13:MX_TIM3_Init	56	static
../Core/Src/main.c:387:13:MX_USART2_UART_Init	8	static
../Core/Src/main.c:402:13:MX_GPIO_Init	48	static
../Core/Src/main.c:431:6:Error_Handler	4	static,ignoring_inline_asm
